#! /c/Source/iverilog-install/bin/vvp
:ivl_version "12.0 (devel)" "(s20150603-1539-g2693dd32b)";
:ivl_delay_selection "TYPICAL";
:vpi_time_precision - 12;
:vpi_module "C:\iverilog\lib\ivl\system.vpi";
:vpi_module "C:\iverilog\lib\ivl\vhdl_sys.vpi";
:vpi_module "C:\iverilog\lib\ivl\vhdl_textio.vpi";
:vpi_module "C:\iverilog\lib\ivl\v2005_math.vpi";
:vpi_module "C:\iverilog\lib\ivl\va_math.vpi";
S_0000017abc807c50 .scope module, "sumador_restador_tb" "sumador_restador_tb" 2 4;
 .timescale -9 -12;
v0000017abc814090_0 .var "A", 3 0;
v0000017abc814630_0 .var "B", 3 0;
v0000017abc813a50_0 .net "Co", 0 0, L_0000017abc813b90;  1 drivers
v0000017abc813c30_0 .var "Sel", 0 0;
v0000017abc813cd0_0 .net "Suma", 3 0, L_0000017abc8141d0;  1 drivers
v0000017abc813af0_0 .var/i "i", 31 0;
v0000017abc8143b0_0 .var/i "j", 31 0;
S_0000017abc8eb280 .scope module, "uut" "sumador_restador" 2 19, 3 1 0, S_0000017abc807c50;
 .timescale 0 0;
    .port_info 0 /INPUT 4 "A";
    .port_info 1 /INPUT 4 "B";
    .port_info 2 /INPUT 1 "Sel";
    .port_info 3 /OUTPUT 4 "Suma";
    .port_info 4 /OUTPUT 1 "Co";
L_0000017abc8ea1c0 .functor XOR 4, v0000017abc814630_0, L_0000017abc814130, C4<0000>, C4<0000>;
v0000017abc7e3550_0 .net "A", 3 0, v0000017abc814090_0;  1 drivers
v0000017abc807de0_0 .net "B", 3 0, v0000017abc814630_0;  1 drivers
v0000017abc8e8470_0 .net "B_mod", 3 0, L_0000017abc8ea1c0;  1 drivers
v0000017abc8eb410_0 .net "Co", 0 0, L_0000017abc813b90;  alias, 1 drivers
v0000017abc8eb4b0_0 .net "Sel", 0 0, v0000017abc813c30_0;  1 drivers
v0000017abc7e2d60_0 .net "Suma", 3 0, L_0000017abc8141d0;  alias, 1 drivers
v0000017abc7e2e00_0 .net *"_ivl_0", 3 0, L_0000017abc814130;  1 drivers
L_0000017abc869068 .functor BUFT 1, C4<0>, C4<0>, C4<0>, C4<0>;
v0000017abc7e2ea0_0 .net *"_ivl_10", 0 0, L_0000017abc869068;  1 drivers
v0000017abc7e2f40_0 .net *"_ivl_11", 4 0, L_0000017abc813eb0;  1 drivers
L_0000017abc8690b0 .functor BUFT 1, C4<0>, C4<0>, C4<0>, C4<0>;
v0000017abc7e2fe0_0 .net *"_ivl_14", 0 0, L_0000017abc8690b0;  1 drivers
v0000017abc7e3080_0 .net *"_ivl_15", 4 0, L_0000017abc8139b0;  1 drivers
v0000017abc813d70_0 .net *"_ivl_17", 4 0, L_0000017abc814590;  1 drivers
L_0000017abc8690f8 .functor BUFT 1, C4<0000>, C4<0>, C4<0>, C4<0>;
v0000017abc813ff0_0 .net *"_ivl_20", 3 0, L_0000017abc8690f8;  1 drivers
v0000017abc8144f0_0 .net *"_ivl_21", 4 0, L_0000017abc814310;  1 drivers
v0000017abc813f50_0 .net *"_ivl_7", 4 0, L_0000017abc813e10;  1 drivers
L_0000017abc814130 .concat [ 1 1 1 1], v0000017abc813c30_0, v0000017abc813c30_0, v0000017abc813c30_0, v0000017abc813c30_0;
L_0000017abc813b90 .part L_0000017abc814310, 4, 1;
L_0000017abc8141d0 .part L_0000017abc814310, 0, 4;
L_0000017abc813e10 .concat [ 4 1 0 0], v0000017abc814090_0, L_0000017abc869068;
L_0000017abc813eb0 .concat [ 4 1 0 0], L_0000017abc8ea1c0, L_0000017abc8690b0;
L_0000017abc8139b0 .arith/sum 5, L_0000017abc813e10, L_0000017abc813eb0;
L_0000017abc814590 .concat [ 1 4 0 0], v0000017abc813c30_0, L_0000017abc8690f8;
L_0000017abc814310 .arith/sum 5, L_0000017abc8139b0, L_0000017abc814590;
    .scope S_0000017abc807c50;
T_0 ;
    %vpi_call 2 31 "$dumpfile", "simulacion_sumador.vcd" {0 0 0};
    %vpi_call 2 32 "$dumpvars", 32'sb11111111111111111111111111111111, S_0000017abc8eb280 {0 0 0};
    %end;
    .thread T_0;
    .scope S_0000017abc807c50;
T_1 ;
    %vpi_call 2 39 "$display", "===============================================================" {0 0 0};
    %vpi_call 2 40 "$display", " Iniciando simulacion exhaustiva (Suma y Resta emparejadas) " {0 0 0};
    %vpi_call 2 41 "$display", "===============================================================\012" {0 0 0};
    %pushi/vec4 0, 0, 32;
    %store/vec4 v0000017abc813af0_0, 0, 32;
T_1.0 ;
    %load/vec4 v0000017abc813af0_0;
    %cmpi/s 16, 0, 32;
    %jmp/0xz T_1.1, 5;
    %load/vec4 v0000017abc813af0_0;
    %parti/s 4, 0, 2;
    %store/vec4 v0000017abc814090_0, 0, 4;
    %pushi/vec4 0, 0, 32;
    %store/vec4 v0000017abc8143b0_0, 0, 32;
T_1.2 ;
    %load/vec4 v0000017abc8143b0_0;
    %cmpi/s 16, 0, 32;
    %jmp/0xz T_1.3, 5;
    %load/vec4 v0000017abc8143b0_0;
    %parti/s 4, 0, 2;
    %store/vec4 v0000017abc814630_0, 0, 4;
    %pushi/vec4 0, 0, 1;
    %store/vec4 v0000017abc813c30_0, 0, 1;
    %delay 5000, 0;
    %vpi_call 2 54 "$display", "A=%d (bin:%b) | B=%d (bin:%b) || [SUMA  Sel=0] -> Suma=%d, Co=%b", v0000017abc814090_0, v0000017abc814090_0, v0000017abc814630_0, v0000017abc814630_0, v0000017abc813cd0_0, v0000017abc813a50_0 {0 0 0};
    %pushi/vec4 1, 0, 1;
    %store/vec4 v0000017abc813c30_0, 0, 1;
    %delay 5000, 0;
    %vpi_call 2 60 "$display", "A=%d (bin:%b) | B=%d (bin:%b) || [RESTA Sel=1] -> Suma=%b, Co=%b", v0000017abc814090_0, v0000017abc814090_0, v0000017abc814630_0, v0000017abc814630_0, v0000017abc813cd0_0, v0000017abc813a50_0 {0 0 0};
    %vpi_call 2 64 "$display", "- - - - - - - - - - - - - - - - - - - - - - - - - - - - - - - - -" {0 0 0};
    %load/vec4 v0000017abc8143b0_0;
    %addi 1, 0, 32;
    %store/vec4 v0000017abc8143b0_0, 0, 32;
    %jmp T_1.2;
T_1.3 ;
    %load/vec4 v0000017abc813af0_0;
    %addi 1, 0, 32;
    %store/vec4 v0000017abc813af0_0, 0, 32;
    %jmp T_1.0;
T_1.1 ;
    %delay 10000, 0;
    %vpi_call 2 70 "$display", "\012Simulacion exhaustiva terminada con exito." {0 0 0};
    %vpi_call 2 71 "$finish" {0 0 0};
    %end;
    .thread T_1;
# The file index is used to find the file name in the following table.
:file_names 4;
    "N/A";
    "<interactive>";
    "lab2_tb.v";
    "./lab2.v";
